
> aura-web@0.1.0 build
> next build

Γû▓ Next.js 16.1.6 (Turbopack)

  Creating an optimized production build ...
Γ£ô Compiled successfully in 5.0s
  Running TypeScript ...
node.exe : Failed to compile.
At C:\Program Files\nodejs\npm.ps1:16 char:5
+     & "$basedir/node$exe"  
"$basedir/node_modules/npm/bin/npm-cli.js" ...
+     ~~~~~~~~~~~~~~~~~~~~~~~~~~~~~~~~~~~~~~~~~~~~~~~~~~~~
~~~~~~~~~~~~~
    + CategoryInfo          : NotSpecified: (Failed to co 
   mpile.:String) [], RemoteException
    + FullyQualifiedErrorId : NativeCommandError
 

./src/app/(public)/login/page.tsx:56:13
Type error: Argument of type '{ id: string; name: string; 
}[]' is not assignable to parameter of type 'string[]'.
  Type '{ id: string; name: string; }' is not assignable 
to type 'string'.

[0m [90m 54 |[39m         onSuccess[33m:[39m (data) 
[33m=>[39m {
 [90m 55 |[39m           [36mconst[39m resolvedRole 
[33m=[39m mapBackendRoleToUiRole(
[31m[1m>[22m[39m[90m 56 |[39m             
data[33m.[39muser[33m.[39mroles[33m,[39m
 [90m    |[39m             [31m[1m^[22m[39m
 [90m 57 |[39m             
values[33m.[39mrole[33m,[39m
 [90m 58 |[39m           )[33m;[39m
 [90m 59 |[39m[0m
Next.js build worker exited with code: 1 and signal: null
