src/components/products/ProductFormModal.tsx(87,15): error TS2353: Object literal may only specify known properties, and 'invalid_type_error' does not exist in type '{ error?: string | $ZodErrorMap<$ZodIssueInvalidType<unknown>> | undefined; message?: string | undefined; }'.
